Hello loop!
Hello loop!
Hello loop!
Hello loop!
Hello loop!
Hello loop!
Hello end!
