Hello
Line 2
This is the best line
Wow
Here we go

