false
true
99
true
false
99
false
true
99
true
false
